// Jest Snapshot v1, https://goo.gl/fbAQLP

exports[`Link renders correctly 1`] = `
<h2
  className="styles__TextStyle-sc-mjcf9p-0 hEVqIA"
>
  Click
</h2>
`;
