// Jest Snapshot v1, https://goo.gl/fbAQLP

exports[`Link renders correctly 1`] = `
<div
  className="sc-dlniIP fPfzoH"
>
  <div
    className="sc-hKFymg fMogKo"
  >
    <button
      background="transparent"
      border="none"
      borderRadius="10px"
      className="sc-bdnyFh eSbMzv"
      color="black"
      onClick={[Function]}
      padding="10px"
    >
      <svg
        fill="none"
        height="32"
        viewBox="0 0 24 24"
        width="32"
        xmlns="http://www.w3.org/2000/svg"
      >
        <path
          d="M4 12H20"
          stroke="#D1D5DB"
          stroke-linecap="round"
          stroke-linejoin="round"
          stroke-width="2"
        />
        <path
          d="M4 6H20"
          stroke="#D1D5DB"
          stroke-linecap="round"
          stroke-linejoin="round"
          stroke-width="2"
        />
        <path
          d="M4 18H20"
          stroke="#D1D5DB"
          stroke-linecap="round"
          stroke-linejoin="round"
          stroke-width="2"
        />
      </svg>
    </button>
  </div>
  <div
    className="sc-jSFipO gLzvjD"
  >
    <ul
      className="sc-gtsqUy chnRqi"
    >
      <li>
        <button
          background="transparent"
          border="none"
          borderRadius="8px"
          className="sc-bdnyFh lfCnzj"
          color="white"
          fontSize="16px"
          padding="8px 12px"
          type="button"
        >
          About
        </button>
      </li>
      <li>
        <button
          background="transparent"
          border="none"
          borderRadius="8px"
          className="sc-bdnyFh lfCnzj"
          color="white"
          fontSize="16px"
          padding="8px 12px"
          type="button"
        >
          Skils
        </button>
      </li>
      <li>
        <button
          background="transparent"
          border="none"
          borderRadius="8px"
          className="sc-bdnyFh lfCnzj"
          color="white"
          fontSize="16px"
          padding="8px 12px"
          type="button"
        >
          Education
        </button>
      </li>
      <li>
        <button
          background="transparent"
          border="none"
          borderRadius="8px"
          className="sc-bdnyFh lfCnzj"
          color="white"
          fontSize="16px"
          padding="8px 12px"
          type="button"
        >
          Contact
        </button>
      </li>
    </ul>
  </div>
</div>
`;
