// Jest Snapshot v1, https://goo.gl/fbAQLP

exports[`Link renders correctly 1`] = `
<button
  background="white"
  border="none"
  borderRadius="8px"
  className="sc-bdnyFh kXSFtr"
  color="black"
  padding="8px 35px"
  type="button"
>
  Click
</button>
`;
