// Jest Snapshot v1, https://goo.gl/fbAQLP

exports[`Link renders correctly 1`] = `
<div
  className="sc-bdnyFh bXaykT"
>
  <img
    alt=""
    data-nimg="1"
    decoding="async"
    height={500}
    loading="lazy"
    onError={[Function]}
    onLoad={[Function]}
    src="/_next/image?url=%2Fimg%2FProfile.png&w=828&q=75"
    srcSet="/_next/image?url=%2Fimg%2FProfile.png&w=640&q=75 1x, /_next/image?url=%2Fimg%2FProfile.png&w=828&q=75 2x"
    style={
      {
        "color": "transparent",
      }
    }
    width={400}
  />
</div>
`;
