// Jest Snapshot v1, https://goo.gl/fbAQLP

exports[`Link renders correctly 1`] = `
<div
  className="styles__Wrapper-sc-1gkpokt-0 iPghdd"
>
  <div
    className="styles__ContainerStyle-sc-f8jz92-0 epgcrw"
  >
    <div
      className="styles__BoxSwitch-sc-1gkpokt-9 exXtuO"
    >
      <div
        className="styles__Switch-sc-1gkpokt-10 dqgcfM"
        enabled={true}
        onClick={[Function]}
      >
        <div>
          <span
            className="styles__SwitchSpan-sc-1gkpokt-11 bXERCg"
            enabled={true}
          >
            <svg
              fill="none"
              height={30}
              viewBox="0 0 12 12"
              width={30}
              xmlns="http://www.w3.org/2000/svg"
            >
              <g
                clipPath="url(#clip0_23259_161542)"
              >
                <path
                  d="M6 12C9.31371 12 12 9.31371 12 6C12 2.68629 9.31371 0 6 0C2.68629 0 0 2.68629 0 6C0 9.31371 2.68629 12 6 12Z"
                  fill="#6DA544"
                />
                <path
                  d="M5.99997 2.34778L10.9565 5.99995L5.99997 9.65212L1.04346 5.99995L5.99997 2.34778Z"
                  fill="#FFDA44"
                />
                <path
                  d="M6.00003 8.08698C7.15262 8.08698 8.08698 7.15262 8.08698 6.00003C8.08698 4.84744 7.15262 3.91309 6.00003 3.91309C4.84744 3.91309 3.91309 4.84744 3.91309 6.00003C3.91309 7.15262 4.84744 8.08698 6.00003 8.08698Z"
                  fill="#F0F0F0"
                />
                <path
                  d="M4.95638 5.86963C4.59347 5.86963 4.24325 5.92482 3.91357 6.02725C3.92818 7.16725 4.85639 8.08703 5.99986 8.08703C6.70693 8.08703 7.33139 7.73507 7.7089 7.19715C7.06304 6.38863 6.06926 5.86963 4.95638 5.86963V5.86963Z"
                  fill="#0052B4"
                />
                <path
                  d="M8.04808 6.39987C8.0732 6.27041 8.08677 6.13684 8.08677 6.00003C8.08677 4.84742 7.15241 3.91309 5.99983 3.91309C5.13981 3.91309 4.40153 4.43342 4.08203 5.17634C4.36445 5.11782 4.65686 5.087 4.95637 5.087C6.16848 5.08698 7.26503 5.59084 8.04808 6.39987V6.39987Z"
                  fill="#0052B4"
                />
              </g>
              <defs>
                <clipPath
                  id="clip0_23259_161542"
                >
                  <rect
                    fill="white"
                    height={12}
                    width={12}
                  />
                </clipPath>
              </defs>
            </svg>
          </span>
          <span
            className="styles__SwitchSpan-sc-1gkpokt-11 bXERCg"
            enabled={true}
          >
            <svg
              fill="#808080"
              height="30"
              viewBox="0 0 12 12"
              width="30"
              xmlns="http://www.w3.org/2000/svg"
            >
              <g
                clip-path="url(#clip0_23259_161472)"
              >
                <path
                  d="M6 12C9.31371 12 12 9.31371 12 6C12 2.68629 9.31371 0 6 0C2.68629 0 0 2.68629 0 6C0 9.31371 2.68629 12 6 12Z"
                  fill="white"
                />
                <path
                  d="M5.73926 5.99992H12.0001C12.0001 5.45837 11.9279 4.93375 11.7934 4.43469H5.73926V5.99992Z"
                  fill="#808080"
                />
                <path
                  d="M5.73926 2.86955H11.1195C10.7522 2.2702 10.2826 1.74045 9.73502 1.30432H5.73926V2.86955Z"
                  fill="#808080"
                />
                <path
                  d="M6.00004 12C7.41213 12 8.71003 11.512 9.73495 10.6957H2.26514C3.29006 11.512 4.58796 12 6.00004 12Z"
                  fill="#808080"
                />
                <path
                  d="M0.880732 9.13041H11.1194C11.4143 8.64927 11.643 8.12333 11.7934 7.56519H0.206787C0.357186 8.12333 0.585865 8.64927 0.880732 9.13041V9.13041Z"
                  fill="#808080"
                />
                <path
                  d="M2.77931 0.936984H3.32609L2.81749 1.30648L3.01177 1.90434L2.5032 1.53485L1.99463 1.90434L2.16244 1.38785C1.71464 1.76086 1.32216 2.19788 0.998719 2.68481H1.17391L0.850172 2.92001C0.799734 3.00415 0.751359 3.08963 0.705 3.17637L0.859594 3.65217L0.571172 3.44262C0.499477 3.59452 0.433899 3.74984 0.374953 3.90839L0.545274 4.43264H1.17391L0.66532 4.80213L0.859594 5.4L0.351023 5.03051L0.0463828 5.25185C0.0158906 5.49696 0 5.74662 0 6H6C6 2.68631 6 2.29566 6 0C4.81472 0 3.70981 0.343828 2.77931 0.936984V0.936984ZM3.01177 5.4L2.5032 5.03051L1.99463 5.4L2.1889 4.80213L1.6803 4.43264H2.30895L2.5032 3.83477L2.69745 4.43264H3.32609L2.81749 4.80213L3.01177 5.4ZM2.81749 3.0543L3.01177 3.65217L2.5032 3.28268L1.99463 3.65217L2.1889 3.0543L1.6803 2.68481H2.30895L2.5032 2.08695L2.69745 2.68481H3.32609L2.81749 3.0543ZM5.16394 5.4L4.65537 5.03051L4.1468 5.4L4.34107 4.80213L3.83248 4.43264H4.46112L4.65537 3.83477L4.84962 4.43264H5.47826L4.96966 4.80213L5.16394 5.4ZM4.96966 3.0543L5.16394 3.65217L4.65537 3.28268L4.1468 3.65217L4.34107 3.0543L3.83248 2.68481H4.46112L4.65537 2.08695L4.84962 2.68481H5.47826L4.96966 3.0543ZM4.96966 1.30648L5.16394 1.90434L4.65537 1.53485L4.1468 1.90434L4.34107 1.30648L3.83248 0.936984H4.46112L4.65537 0.339117L4.84962 0.936984H5.47826L4.96966 1.30648Z"
                  fill="#808080"
                />
              </g>
              <defs>
                <clipPath
                  id="clip0_23259_161472"
                >
                  <rect
                    fill="white"
                    height="12"
                    width="12"
                  />
                </clipPath>
              </defs>
            </svg>
          </span>
        </div>
      </div>
    </div>
    <div
      className="styles__HeaderStyle-sc-1gkpokt-1 hVXzix"
    >
      <div
        className="styles__BoxInformation-sc-1gkpokt-2 anMLM"
      >
        <div
          className="styles__BoxImage-sc-1gkpokt-3 kcwYoz"
        >
          <img
            alt=""
            data-nimg="1"
            decoding="async"
            height={500}
            loading="lazy"
            onError={[Function]}
            onLoad={[Function]}
            sizes="100vw"
            src="/_next/image?url=%2Fimg%2FProfile.png&w=3840&q=75"
            srcSet="/_next/image?url=%2Fimg%2FProfile.png&w=640&q=75 640w, /_next/image?url=%2Fimg%2FProfile.png&w=750&q=75 750w, /_next/image?url=%2Fimg%2FProfile.png&w=828&q=75 828w, /_next/image?url=%2Fimg%2FProfile.png&w=1080&q=75 1080w, /_next/image?url=%2Fimg%2FProfile.png&w=1200&q=75 1200w, /_next/image?url=%2Fimg%2FProfile.png&w=1920&q=75 1920w, /_next/image?url=%2Fimg%2FProfile.png&w=2048&q=75 2048w, /_next/image?url=%2Fimg%2FProfile.png&w=3840&q=75 3840w"
            style={
              {
                "color": "transparent",
                "height": "auto",
                "width": "100%",
              }
            }
            width={400}
          />
        </div>
        <div
          className="styles__BoxProfile-sc-1gkpokt-5 ofyVy"
        >
          <div
            className="styles__BoxText-sc-1gkpokt-6 dOyEVH"
          >
            <div
              className="styles__BoxTitle-sc-1gkpokt-4 kFefjO"
            >
              <p
                className="styles__TextStyle-sc-1u5rut5-0 jgMeGD"
                color="white"
                fontSize="30px"
              >
                Olá meu nome é Ricardo sou um desenvolvedor front-end
              </p>
            </div>
            <div>
              <p
                className="styles__TextStyle-sc-1u5rut5-0 coQOGk"
                color="#ABB2BF"
                fontSize="16px"
              >
                Crio sites responsivos onde a tecnologia encontra a criatividade
              </p>
            </div>
          </div>
          <div
            className="styles__BoxButton-sc-1gkpokt-7"
          >
            <a
              className="styles__ButtonStyle-sc-gh3tqj-0 fdlOGi"
              href="#contatos"
            >
              Contate-me!!
            </a>
          </div>
        </div>
      </div>
      <div>
        <div
          className="styles__BoxMessage-sc-1gkpokt-8 kTZzBi"
        >
          <p
            className="styles__TextStyle-sc-1u5rut5-0 dyvdYa"
            color="white"
            fontSize="24px"
          >
            “O importante é não parar de questionar; a curiosidade tem sua própria razão de existir” - Albert Einstein
          </p>
        </div>
      </div>
    </div>
  </div>
</div>
`;
