// Jest Snapshot v1, https://goo.gl/fbAQLP

exports[`Link renders correctly 1`] = `
<ul
  className="sc-gtsqUy ejvOfa"
>
  <li>
    <button
      background="transparent"
      border="none"
      borderRadius="8px"
      className="sc-bdnyFh iHxJiV"
      color="white"
      padding="8px 12px"
      type="button"
    >
      About
    </button>
  </li>
  <li>
    <button
      background="transparent"
      border="none"
      borderRadius="8px"
      className="sc-bdnyFh iHxJiV"
      color="white"
      padding="8px 12px"
      type="button"
    >
      Skils
    </button>
  </li>
  <li>
    <button
      background="transparent"
      border="none"
      borderRadius="8px"
      className="sc-bdnyFh iHxJiV"
      color="white"
      padding="8px 12px"
      type="button"
    >
      Experience
    </button>
  </li>
  <li>
    <button
      background="transparent"
      border="none"
      borderRadius="8px"
      className="sc-bdnyFh iHxJiV"
      color="white"
      padding="8px 12px"
      type="button"
    >
      Education
    </button>
  </li>
  <li>
    <button
      background="transparent"
      border="none"
      borderRadius="8px"
      className="sc-bdnyFh iHxJiV"
      color="white"
      padding="8px 12px"
      type="button"
    >
      Contact
    </button>
  </li>
  <li>
    <button
      background="transparent"
      border="none"
      borderRadius="8px"
      className="sc-bdnyFh iHxJiV"
      color="white"
      padding="8px 12px"
      type="button"
    >
      Switch Theme
    </button>
  </li>
  <li>
    <button
      background="transparent"
      border="none"
      borderRadius="8px"
      className="sc-bdnyFh iHxJiV"
      color="white"
      padding="8px 12px"
      type="button"
    >
      Download CV
    </button>
  </li>
</ul>
`;
