// Jest Snapshot v1, https://goo.gl/fbAQLP

exports[`Link renders correctly 1`] = `
<div
  className="sc-gtsqUy dZrVMS"
>
  <div
    className="sc-dlniIP kchgDo"
  >
    <div
      className="sc-hKFymg gLhFjD"
    >
      <p
        className="sc-bdnyFh iOsQJx"
        color="white"
        fontSize="20px"
      >
        Education
      </p>
    </div>
    <div>
      <p
        className="sc-bdnyFh iOusbc"
        color="white"
        fontSize="16px"
      >
        These are my qualifications
      </p>
    </div>
  </div>
  <div
    className="sc-eCAqax dLndRX"
  >
    <p
      className="sc-bdnyFh jKeQRk"
      color="#66BEF5"
      fontSize="16px"
    >
      Uninassau
    </p>
    <p
      className="sc-bdnyFh iOusbc"
      color="white"
      fontSize="16px"
    >
      Analise e desenvolvimento de sistemas
    </p>
    <p
      className="sc-bdnyFh iOusbc"
      color="white"
      fontSize="16px"
    >
      State: Cursando
    </p>
  </div>
</div>
`;
