// Jest Snapshot v1, https://goo.gl/fbAQLP

exports[`Link renders correctly 1`] = `
<div
  className="styles__ContainerStyle-sc-f8jz92-0 epgcrw"
>
  Click
</div>
`;
